Sat, 17 Nov 2018 13:12:17 EST
make xITobs -j4 COREI7=1 OPENMP=1
Sat, 17 Nov 2018 13:12:29 EST
make xITobs -j4 COREI7=1 OPENMP=1
Sat, 17 Nov 2018 13:14:20 EST
make xITobs -j4 COREI7=1 OPENMP=1

